source: completion_test.go
expression: stdout.String()
---
|
  name: mytool
  description: My tool
  flags:
      -t, --tags=: Tags to apply
  persistentflags:
      -V, --version: Show version info for mytool
      -h, --help: Show help for mytool
  commands:
      - name: completion
        description: Output a carapace-spec YAML document to stdout
